OPENPAREN                (
RESERVED                 define
OPENPAREN                (
IDENTIFIER               pigl
IDENTIFIER               wd
CLOSEPAREN               )
OPENPAREN                (
RESERVED                 if
OPENPAREN                (
IDENTIFIER               member?
OPENPAREN                (
IDENTIFIER               first
IDENTIFIER               wd
CLOSEPAREN               )
QUOTATIONMARKS           '
IDENTIFIER               aeiou
CLOSEPAREN               )
OPENPAREN                (
IDENTIFIER               word
IDENTIFIER               wd
QUOTATIONMARKS           '
IDENTIFIER               ay
CLOSEPAREN               )
OPENPAREN                (
IDENTIFIER               pigl
OPENPAREN                (
IDENTIFIER               word
OPENPAREN                (
IDENTIFIER               butfirst
IDENTIFIER               wd
CLOSEPAREN               )
OPENPAREN                (
IDENTIFIER               first
IDENTIFIER               wd
CLOSEPAREN               )
CLOSEPAREN               )
CLOSEPAREN               )
CLOSEPAREN               )
CLOSEPAREN               )