OPENPAREN                (
RESERVED                 define
OPENPAREN                (
IDENTIFIER               sum
IDENTIFIER               h
CLOSEPAREN               )
OPENPAREN                (
RESERVED                 cond
OPENPAREN                (
OPENPAREN                (
IDENTIFIER               <=
IDENTIFIER               h
NUMBER                   0
CLOSEPAREN               )
NUMBER                   0
CLOSEPAREN               )
OPENPAREN                (
IDENTIFIER               else
OPENPAREN                (
IDENTIFIER               +
OPENPAREN                (
IDENTIFIER               sum
OPENPAREN                (
IDENTIFIER               -
IDENTIFIER               h
NUMBER                   1
CLOSEPAREN               )
CLOSEPAREN               )
NUMBER                   1
CLOSEPAREN               )
CLOSEPAREN               )
CLOSEPAREN               )
CLOSEPAREN               )
CLOSEPAREN               )